---
source: src/parser_tests.rs
expression: "&err"
---
Some(
    LParen(
        ByteIndex(
            169,
        ),
    ),
)
