---
source: src/parser_tests.rs
expression: "&cst"
---
Ind(
    Ind {
        type_: UniverseLiteral {
            level: 0,
            start: ByteIndex(
                16,
            ),
        },
        name: StringLiteral {
            value: "Nat",
            span: (
                ByteIndex(
                    27,
                ),
                ByteIndex(
                    32,
                ),
            ),
        },
        index_types: Nil,
        constructor_defs: Cons(
            Cons(
                Nil,
                VariantConstructorDef {
                    param_types: Nil,
                    index_args: Nil,
                },
            ),
            VariantConstructorDef {
                param_types: Cons(
                    Nil,
                    Deb(
                        NumberLiteral {
                            value: 0,
                            span: (
                                ByteIndex(
                                    74,
                                ),
                                ByteIndex(
                                    75,
                                ),
                            ),
                        },
                    ),
                ),
                index_args: Nil,
            },
        ),
    },
)
