---
source: zoc/src/syntax_tree/parser/tests/universe.rs
expression: "&ost"
---
Universe(
    UniverseLiteral {
        level: 0,
        span: (
            ByteIndex(
                0,
            ),
            ByteIndex(
                5,
            ),
        ),
        erasable: true,
    },
)
