---
source: zoc/src/syntax_tree/parser/tests/ind.rs
expression: "&err"
---
Some(
    Number(
        NumberLiteral {
            value: 1,
            span: (
                ByteIndex(
                    8,
                ),
                ByteIndex(
                    9,
                ),
            ),
        },
    ),
)
