---
source: zoc/src/syntax_tree/parser/tests/vcon.rs
expression: "&cst"
---
Vcon(
    Vcon {
        lparen: ByteIndex(
            1,
        ),
        ind: Ind {
            lparen: ByteIndex(
                9,
            ),
            type_: UniverseLiteral {
                level: 0,
                start: ByteIndex(
                    24,
                ),
                erasable: false,
            },
            name: StringLiteral {
                value: "Nat",
                span: (
                    ByteIndex(
                        34,
                    ),
                    ByteIndex(
                        39,
                    ),
                ),
            },
            index_types_lparen: ByteIndex(
                64,
            ),
            index_types: Nil,
            index_types_rparen: ByteIndex(
                65,
            ),
            vcon_defs_lparen: ByteIndex(
                72,
            ),
            vcon_defs: Snoc(
                Snoc(
                    Nil,
                    VconDef {
                        lparen: ByteIndex(
                            82,
                        ),
                        param_types_lparen: ByteIndex(
                            83,
                        ),
                        param_types: Nil,
                        param_types_rparen: ByteIndex(
                            84,
                        ),
                        index_args_lparen: ByteIndex(
                            86,
                        ),
                        index_args: Nil,
                        index_args_rparen: ByteIndex(
                            87,
                        ),
                        rparen: ByteIndex(
                            88,
                        ),
                    },
                ),
                VconDef {
                    lparen: ByteIndex(
                        98,
                    ),
                    param_types_lparen: ByteIndex(
                        99,
                    ),
                    param_types: Snoc(
                        Nil,
                        Deb(
                            NumberLiteral {
                                value: 0,
                                span: (
                                    ByteIndex(
                                        100,
                                    ),
                                    ByteIndex(
                                        101,
                                    ),
                                ),
                            },
                        ),
                    ),
                    param_types_rparen: ByteIndex(
                        101,
                    ),
                    index_args_lparen: ByteIndex(
                        103,
                    ),
                    index_args: Nil,
                    index_args_rparen: ByteIndex(
                        104,
                    ),
                    rparen: ByteIndex(
                        105,
                    ),
                },
            ),
            vcon_defs_rparen: ByteIndex(
                111,
            ),
            rparen: ByteIndex(
                113,
            ),
        },
        vcon_index: NumberLiteral {
            value: 0,
            span: (
                ByteIndex(
                    178,
                ),
                ByteIndex(
                    179,
                ),
            ),
        },
        rparen: ByteIndex(
            180,
        ),
    },
)
