---
source: zoc/src/syntax_tree/parser/tests/fun.rs
expression: "&err"
---
Some(
    LParen(
        ByteIndex(
            32,
        ),
    ),
)
