---
source: june/src/codegen/tests/mod.rs
expression: PrettyPrint(&converted_leaf)
---
(
    ind
    Prop0
    "DummyLeaf"
    ()
    ()
)
