---
source: june/src/codegen/tests/mod.rs
expression: PrettyPrint(&converted_leaf)
---
(
    (
        vcon
        (
            ind
            Set0
            "Nat"
            ()
            (
                (
                    (
                        0
                    )
                    ()
                )
                (
                    ()
                    ()
                )
            )
        )
        0
    )
    (
        (
            vcon
            (
                ind
                Set0
                "Nat"
                ()
                (
                    (
                        (
                            0
                        )
                        ()
                    )
                    (
                        ()
                        ()
                    )
                )
            )
            0
        )
        (
            vcon
            (
                ind
                Set0
                "Nat"
                ()
                (
                    (
                        (
                            0
                        )
                        ()
                    )
                    (
                        ()
                        ()
                    )
                )
            )
            1
        )
    )
)
