---
source: src/parser_tests/match_.rs
expression: "&err"
---
Some(
    Number(
        NumberLiteral {
            value: 1,
            span: (
                ByteIndex(
                    32,
                ),
                ByteIndex(
                    33,
                ),
            ),
        },
    ),
)
