---
source: src/parser_tests/deb.rs
expression: "&cst"
---
Deb(
    NumberLiteral {
        value: 2,
        span: (
            ByteIndex(
                0,
            ),
            ByteIndex(
                1,
            ),
        ),
    },
)
