---
source: zoc/src/typecheck/tests/should_succeed.rs
expression: PrettyPrint(type_.raw())
---
(
    ind
    Set0
    "List"
    ()
    (
        (
            ()
            ()
        )
        (
            (
                (
                    ind
                    Set0
                    "Nat"
                    ()
                    (
                        (
                            ()
                            ()
                        )
                        (
                            (
                                0
                            )
                            ()
                        )
                    )
                )
                1
            )
            ()
        )
    )
)
