---
source: zoc/src/typecheck/tests/should_succeed.rs
expression: PrettyPrint(type_.raw())
---
(
    for
    (
        (
            (
                ind
                Prop0
                "Eq1"
                (
                    (
                        ind
                        Set0
                        "Nat"
                        ()
                        (
                            (
                                ()
                                ()
                            )
                            (
                                (
                                    0
                                )
                                ()
                            )
                        )
                    )
                )
                (
                    (
                        ()
                        (
                            (
                                (
                                    vcon
                                    (
                                        ind
                                        Set0
                                        "Nat"
                                        ()
                                        (
                                            (
                                                ()
                                                ()
                                            )
                                            (
                                                (
                                                    0
                                                )
                                                ()
                                            )
                                        )
                                    )
                                    1
                                )
                                (
                                    vcon
                                    (
                                        ind
                                        Set0
                                        "Nat"
                                        ()
                                        (
                                            (
                                                ()
                                                ()
                                            )
                                            (
                                                (
                                                    0
                                                )
                                                ()
                                            )
                                        )
                                    )
                                    0
                                )
                            )
                        )
                    )
                )
            )
            (
                vcon
                (
                    ind
                    Set0
                    "Nat"
                    ()
                    (
                        (
                            ()
                            ()
                        )
                        (
                            (
                                0
                            )
                            ()
                        )
                    )
                )
                0
            )
        )
    )
    (
        ind
        Prop0
        "False"
        ()
        ()
    )
)
