---
source: zoc/src/typecheck/tests/positivity.rs
expression: PrettyPrint(type_.raw())
---
(
    for
    (
        Set0
    )
    Set1
)
