---
source: src/typecheck/tests.rs
expression: PrettyPrinted(type_.raw())
---
(
    ind
    Type0
    "Nat"
    ()
    (
        (
            ()
            ()
        )
        (
            (
                0
            )
            ()
        )
    )
)
