---
source: src/parser_tests/universe.rs
expression: "&cst"
---
Universe(
    UniverseLiteral {
        level: 42,
        start: ByteIndex(
            0,
        ),
    },
)
