---
source: may/src/codegen/tests.rs
expression: PrettyPrint(&zo)
---
(
    fun
    nonrec
    (
        Type0
    )
    Type0
    (
        ind
        Type0
        "List"
        ()
        (
            (
                (
                    2
                    1
                )
                ()
            )
            (
                ()
                ()
            )
        )
    )
)
